
> rezwan-agency@0.1.0 build
> next build

  Γû▓ Next.js 14.2.5
  - Experiments (use with caution):
    ┬╖ typedRoutes

   Creating an optimized production build ...
 Γ£ô Compiled successfully
   Linting and checking validity of types ...
npm : Failed to compile.
At line:1 char:55
+ ... -agency\web\next-app" ; npm run build > build-output.txt 2>&1 ; echo  ...
+                             ~~~~~~~~~~~~~~~~~~~~~~~~~~~~~~~~~~~~~
    + CategoryInfo          : NotSpecified: (Failed to compile.:String) [], Re 
   moteException
    + FullyQualifiedErrorId : NativeCommandError
 

./src/app/blog/page.tsx:16:25
Type error: Type 'string' is not assignable to type 'UrlObject | 
RouteImpl<string>'.

[0m [90m 14 |[39m               [33m<[39m[33mCard[39m 
key[33m=[39m{post[33m.[39mtitle} title[33m=[39m{post[33m.[39mtitle} 
description[33m=[39m{post[33m.[39mexcerpt}[33m>[39m[0m
[0m [90m 15 |[39m                 [33m<[39m[33mdiv[39m 
className[33m=[39m[32m"mt-4"[39m[33m>[39m[0m
[0m[31m[1m>[22m[39m[90m 16 |[39m                   
[33m<[39m[33mLink[39m href[33m=[39m{post[33m.[39mhref [36mas[39m 
string} className[33m=[39m[32m"text-teal-300 transition 
hover:text-teal-200"[39m[33m>[39m[0m
[0m [90m    |[39m                         [31m[1m^[22m[39m[0m
[0m [90m 17 |[39m                     [33mRead[39m article ΓåÆ[0m
[0m [90m 18 |[39m                   
[33m<[39m[33m/[39m[33mLink[39m[33m>[39m[0m
[0m [90m 19 |[39m                 
[33m<[39m[33m/[39m[33mdiv[39m[33m>[39m[0m
